src/tests/main/services/proxy/proxy.service.test.ts(1,1): error TS6133: 'fs' is declared but its value is never read.
