node.exe : npm warn U
nknown env config "ms
vs-version". This wil
l stop working in the
 next major version o
f npm.
At line:1 char:1
+ & "C:\Program Files
\nodejs/node.exe" "C:
\Program Files\nodejs
/node_mo ...
+ ~~~~~~~~~~~~~~~~~~~
~~~~~~~~~~~~~~~~~~~~~
~~~~~~~~~~~~~~~~~~~~~
~~~~~~~~
    + CategoryInfo   
           : NotSpe  
  cified: (npm war   
 n Unknow...versi    
on of npm.:Strin    g
) [], RemoteExc    ep
tion
    + FullyQualified 
   ErrorId : Native  
  CommandError
 
src/main/mcp/registry.ts(19,33): error TS2307: Cannot find module '@main/services/settings.service' or its corresponding type declarations.
src/tests/main/ipc/settings.integration.test.ts(6,33): error TS2307: Cannot find module '@main/services/settings.service' or its corresponding type declarations.
src/tests/main/services/config.service.test.ts(2,33): error TS2307: Cannot find module '@main/services/settings.service' or its corresponding type declarations.
src/tests/main/services/settings.service.test.ts(61,54): error TS2307: Cannot find module '@main/services/settings.service' or its corresponding type declarations.
src/tests/main/services/settings.service.test.ts(71,54): error TS2307: Cannot find module '@main/services/settings.service' or its corresponding type declarations.
src/tests/main/services/settings.service.test.ts(91,54): error TS2307: Cannot find module '@main/services/settings.service' or its corresponding type declarations.
src/tests/main/services/settings.service.test.ts(109,54): error TS2307: Cannot find module '@main/services/settings.service' or its corresponding type declarations.
src/tests/main/services/settings.service.test.ts(124,54): error TS2307: Cannot find module '@main/services/settings.service' or its corresponding type declarations.
src/tests/main/services/settings.service.test.ts(137,54): error TS2307: Cannot find module '@main/services/settings.service' or its corresponding type declarations.
src/tests/main/services/settings.service.test.ts(151,54): error TS2307: Cannot find module '@main/services/settings.service' or its corresponding type declarations.
src/tests/main/services/settings.service.test.ts(168,54): error TS2307: Cannot find module '@main/services/settings.service' or its corresponding type declarations.
src/tests/main/services/settings.service.test.ts(184,54): error TS2307: Cannot find module '@main/services/settings.service' or its corresponding type declarations.
src/tests/main/services/settings.service.test.ts(204,54): error TS2307: Cannot find module '@main/services/settings.service' or its corresponding type declarations.
src/tests/main/services/settings.service.test.ts(222,54): error TS2307: Cannot find module '@main/services/settings.service' or its corresponding type declarations.
src/tests/main/services/settings.service.test.ts(242,54): error TS2307: Cannot find module '@main/services/settings.service' or its corresponding type declarations.
src/tests/main/tests/integration/llm-settings.integration.test.ts(2,33): error TS2307: Cannot find module '@main/services/settings.service' or its corresponding type declarations.
